
1. Some paragraph with [link](http://ya.ru)

  Second paragraph

1. Some another paragraph in list

Paragraph out of list

<cut/>
1. Some paragraph

  Second paragraph

  Third paragraph

1. Some another paragraph
