

[#id.r1.r2]
Some paragraph

<cut/>

Some another paragraph

<cut/>
