= Title

* Some paragraph
+
Some another paragraph
